XGCD test: [OK]
MOVINV test: [OK]
MUTPILY test: [OK]
DIVIDE test: [OK]
